{
  "Name": "test_branch",
  "Path": "refs/heads/test_branch",
  "Sha": "ffe9cba521f00d7f60e322845072238635edb451"
}
