{
    "ID": "91f0d4cb-4c36-49a5-b28d-2d72da089c4d",
    "Name": "test_repo",
    "FullName": "tphoney/test_project/test_repo",
    "Namespace": "tphoney/test_project",
    "Branch": "main",
    "Link": "https://dev.azure.com/tphoney/test_project/_git/test_project",
    "Clone": "https://tphoney@dev.azure.com/tphoney/test_project/_git/test_project",
    "CloneSSH": "git@ssh.dev.azure.com:v3/tphoney/test_project/test_project"
}